результатов 7391 ошибок 0 ; на 2+ листах: 6791 ; контроль 1 лист: 600

== КОНТРОЛЬ: 1 лист ==
own vs A: n=600 {'медиана': 0.0, 'p90': 0.0, 'p99': 0.0, 'max': 0.0, 'gt01': 0, 'gt03': 0, 'gt1e6': 0}
own vs B: n=600 {'медиана': 0.0, 'p90': 0.0, 'p99': 0.0, 'max': 0.0, 'gt01': 0, 'gt03': 0, 'gt1e6': 0}
A vs B: n=600 {'медиана': 0.0, 'p90': 0.0, 'p99': 0.0, 'max': 0.0, 'gt01': 0, 'gt03': 0, 'gt1e6': 0}
own vs asc(ETL-функция): n=600 {'медиана': 0.0, 'p90': 0.0, 'p99': 0.0, 'max': 0.0, 'gt01': 0, 'gt03': 0, 'gt1e6': 0}

== 2+ листов (nr_user без многочастных) ==
own vs A: n=6791 {'медиана': 0.0124, 'p90': 0.1095, 'p99': 0.3877, 'max': 0.9402, 'gt01': 766, 'gt03': 124, 'gt1e6': 6428}
own vs B: n=6791 {'медиана': 0.0134, 'p90': 0.1161, 'p99': 0.4143, 'max': 0.9402, 'gt01': 828, 'gt03': 140, 'gt1e6': 6448}
A vs B: n=6791 {'медиана': 0.0008, 'p90': 0.1154, 'p99': 0.4423, 'max': 1.0, 'gt01': 795, 'gt03': 169, 'gt1e6': 3577}
среднее max|Δ|: own–A 0.0404, own–B 0.0429, A–B 0.0380
средний |Δ доли класса 5|: own–A 0.0347, own–B 0.0372
кто ближе к own: A ближе у 1891, B ближе у 1685, равно 3215
смена сценария (valuation): {'own≠A': 68, 'own≠B': 72, 'A≠B': 72} из 6791
A→own: {('clearing', 'tillage'): 1, ('clearing', 'meadow'): 28, ('meadow', 'forest'): 6, ('meadow', 'clearing'): 23, ('forest', 'meadow'): 9, ('tillage', 'clearing'): 1}

== подвыборка с ETL-функцией в двух порядках листов (asc/desc), n=600 ==
asc==desc: 9 из 600
A: совпал с asc 287, с desc 297, с одним из двух 575
B: совпал с asc 249, с desc 336, с одним из двух 576
own vs asc {'медиана': 0.0123, 'p90': 0.0951, 'p99': 0.3427, 'max': 0.7924, 'gt01': 54, 'gt03': 12, 'gt1e6': 547}
own vs desc {'медиана': 0.012, 'p90': 0.115, 'p99': 0.458, 'max': 0.8264, 'gt01': 67, 'gt03': 16, 'gt1e6': 571}
asc vs desc {'медиана': 0.0283, 'p90': 0.1979, 'p99': 0.5301, 'max': 1.0, 'gt01': 132, 'gt03': 38, 'gt1e6': 590}
