участков всего (nr_user): 55784 ; сумма n3+n5 (old/new/ctrl) совпадает: True
участков с n3+n5 >= 50: 54754

== все участки: участков 54754
  old  : однородные  58.37 %  смешанные  17.31 %  средняя неоднородность min(p,1-p) 0.1258
         гистограмма p (10 интервалов, доли %):  26.2   5.0   4.3   4.1   4.0   4.3   4.9   6.3   8.7  32.2
  new  : однородные  68.67 %  смешанные  11.59 %  средняя неоднородность min(p,1-p) 0.0953
         гистограмма p (10 интервалов, доли %):  28.1   4.7   3.4   3.0   2.8   2.8   3.1   4.2   7.5  40.5
  ctrl : однородные  51.71 %  смешанные  21.82 %  средняя неоднородность min(p,1-p) 0.1480
         гистограмма p (10 интервалов, доли %):  29.1   5.8   5.0   4.9   5.1   5.5   6.4   7.2   8.4  22.6
  парно old→new: неоднородность меньше у 26169, больше у 16063, равна у 12522
  парно new→ctrl: неоднородность меньше у 15045, больше у 28749, равна у 10960

== до 150 м от края полигона листа: участков 8114
  old  : однородные  54.52 %  смешанные  19.35 %  средняя неоднородность min(p,1-p) 0.1373
         гистограмма p (10 интервалов, доли %):  25.3   5.0   4.9   4.7   4.3   4.6   5.7   7.0   9.3  29.2
  new  : однородные  69.82 %  смешанные  11.14 %  средняя неоднородность min(p,1-p) 0.0921
         гистограмма p (10 интервалов, доли %):  28.0   4.3   3.3   2.6   2.7   2.7   3.1   4.2   7.3  41.8
  ctrl : однородные  50.18 %  смешанные  23.39 %  средняя неоднородность min(p,1-p) 0.1542
         гистограмма p (10 интервалов, доли %):  30.5   6.3   5.8   5.4   5.2   5.9   6.9   7.0   7.2  19.7
  парно old→new: неоднородность меньше у 4258, больше у 2080, равна у 1776
  парно new→ctrl: неоднородность меньше у 2127, больше у 4317, равна у 1670

== 150–500 м: участков 17413
  old  : однородные  57.86 %  смешанные  17.52 %  средняя неоднородность min(p,1-p) 0.1272
         гистограмма p (10 интервалов, доли %):  26.2   5.1   4.4   4.2   4.2   4.3   4.9   6.3   8.8  31.6
  new  : однородные  68.59 %  смешанные  11.68 %  средняя неоднородность min(p,1-p) 0.0957
         гистограмма p (10 интервалов, доли %):  28.0   4.6   3.4   2.9   2.9   2.8   3.1   4.4   7.3  40.6
  ctrl : однородные  50.78 %  смешанные  22.34 %  средняя неоднородность min(p,1-p) 0.1502
         гистограмма p (10 интервалов, доли %):  28.9   5.9   5.0   4.9   5.4   5.5   6.6   7.3   8.7  21.9
  парно old→new: неоднородность меньше у 8330, больше у 5172, равна у 3911
  парно new→ctrl: неоднородность меньше у 4725, больше у 9272, равна у 3416

== глубже 500 м: участков 29227
  old  : однородные  59.74 %  смешанные  16.63 %  средняя неоднородность min(p,1-p) 0.1218
         гистограмма p (10 интервалов, доли %):  26.4   4.9   4.1   3.9   3.9   4.1   4.7   6.2   8.6  33.3
  new  : однородные  68.40 %  смешанные  11.66 %  средняя неоднородность min(p,1-p) 0.0959
         гистограмма p (10 интервалов, доли %):  28.3   4.8   3.5   3.1   2.7   2.7   3.1   4.1   7.6  40.1
  ctrl : однородные  52.68 %  смешанные  21.08 %  средняя неоднородность min(p,1-p) 0.1450
         гистограмма p (10 интервалов, доли %):  28.8   5.7   4.9   4.7   4.9   5.5   6.0   7.3   8.5  23.9
  парно old→new: неоднородность меньше у 13581, больше у 8811, равна у 6835
  парно new→ctrl: неоднородность меньше у 8193, больше у 15160, равна у 5874

Контроль воспроизведения нового итога пересчётом (доля совпавших пикселей): {'summary': 'repro_new', 'n': 912, 'min': 1.0, 'mean': 1.0}
